
[95m[1m======================================================================[0m
python : Traceback (most recent call last):
At line:1 char:1
+ python -u test_all_routes.py 2>&1 > test_output.txt; $LASTEXITCODE
+ ~~~~~~~~~~~~~~~~~~~~~~~~~~~~~~~~~~~~~~~~~~~~~~~~~~~
    + CategoryInfo          : NotSpecified: (Traceback (most recent call last) 
   ::String) [], RemoteException
    + FullyQualifiedErrorId : NativeCommandError
 
  File "C:\Users\Hitansh\Desktop\Nexgen\Finances\Backend\test_all_routes.py", 
line 503, in <module>
    main()
    ~~~~^^
  File "C:\Users\Hitansh\Desktop\Nexgen\Finances\Backend\test_all_routes.py", 
line 499, in main
    tester.run_all_tests()
    ~~~~~~~~~~~~~~~~~~~~^^
  File "C:\Users\Hitansh\Desktop\Nexgen\Finances\Backend\test_all_routes.py", 
line 419, in run_all_tests
    self.print_header("\U0001f9ea BACKEND API TEST SUITE - CRITICAL ROUTES")
    ~~~~~~~~~~~~~~~~~^^^^^^^^^^^^^^^^^^^^^^^^^^^^^^^^^^^^^^^^^^^^^^^
  File "C:\Users\Hitansh\Desktop\Nexgen\Finances\Backend\test_all_routes.py", 
line 46, in print_header
    print(f"{Colors.HEADER}{Colors.BOLD}{text}{Colors.ENDC}")
    ~~~~~^^^^^^^^^^^^^^^^^^^^^^^^^^^^^^^^^^^^^^^^^^^^^^^^^^^^
  File "C:\Users\Hitansh\AppData\Local\Programs\Python\Python313\Lib\encodings\
cp1252.py", line 19, in encode
    return codecs.charmap_encode(input,self.errors,encoding_table)[0]
           ~~~~~~~~~~~~~~~~~~~~~^^^^^^^^^^^^^^^^^^^^^^^^^^^^^^^^^^
UnicodeEncodeError: 'charmap' codec can't encode character '\U0001f9ea' in 
position 9: character maps to <undefined>
